2026-07-31 11:20:01,401 - INFO - Customer Cleaner class created ...... 
2026-07-31 11:20:01,401 - INFO - Total number of Rows 7043 
2026-07-31 11:20:01,402 - INFO - Total number of Columns : 21
2026-07-31 11:20:01,402 - INFO - 

2026-07-31 11:20:01,402 - INFO - Executing the standard column names....
2026-07-31 11:20:01,402 - INFO - Columns before standardizing : Index(['customerID', 'gender', 'SeniorCitizen', 'Partner', 'Dependents',
       'tenure', 'PhoneService', 'MultipleLines', 'InternetService',
       'OnlineSecurity', 'OnlineBackup', 'DeviceProtection', 'TechSupport',
       'StreamingTV', 'StreamingMovies', 'Contract', 'PaperlessBilling',
       'PaymentMethod', 'MonthlyCharges', 'TotalCharges', 'Churn'],
      dtype='str')
2026-07-31 11:20:01,404 - INFO - Columns after standardizing : Index(['customer_i_d', 'gender', 'senior_citizen', 'partner', 'dependents',
       'tenure', 'phone_service', 'multiple_lines', 'internet_service',
       'online_security', 'online_backup', 'device_protection', 'tech_support',
       'streaming_t_v', 'streaming_movies', 'contract', 'paperless_billing',
       'payment_method', 'monthly_charges', 'total_charges', 'churn'],
      dtype='str')
2026-07-31 11:20:01,404 - INFO - 

2026-07-31 11:20:01,404 - INFO - Executing fix_total_charges...
2026-07-31 11:20:01,406 - INFO - Blank count before fixing: 11
2026-07-31 11:20:01,409 - INFO - Blank count after fixing: 11
2026-07-31 11:20:01,410 - INFO - total_charges converted to numeric
2026-07-31 11:20:01,410 - INFO - 

2026-07-31 11:20:01,410 - INFO - Execitng Normalizing function ......
2026-07-31 11:20:01,411 - INFO -   partner dependents phone_service paperless_billing churn
0     Yes         No            No               Yes    No
1      No         No           Yes                No    No
2      No         No           Yes               Yes   Yes
3      No         No            No                No    No
4      No         No           Yes               Yes   Yes
2026-07-31 11:20:01,419 - INFO -  after normalizing the vaues :    partner  dependents  phone_service  paperless_billing  churn
0        1           0              0                  1      0
1        0           0              1                  0      0
2        0           0              1                  1      1
3        0           0              0                  0      0
4        0           0              1                  1      1
2026-07-31 11:20:01,419 - INFO - 

2026-07-31 11:20:01,419 - INFO - Executting handel null values .........
2026-07-31 11:20:01,420 - INFO -  null values after handling in total charges: 0
2026-07-31 11:29:51,499 - INFO - Customer Cleaner class created ...... 
2026-07-31 11:29:51,499 - INFO - Total number of Rows 7043 
2026-07-31 11:29:51,499 - INFO - Total number of Columns : 21
2026-07-31 11:29:51,499 - INFO - 

2026-07-31 11:29:51,499 - INFO - Executing the standard column names....
2026-07-31 11:29:51,500 - INFO - Columns before standardizing : Index(['customerID', 'gender', 'SeniorCitizen', 'Partner', 'Dependents',
       'tenure', 'PhoneService', 'MultipleLines', 'InternetService',
       'OnlineSecurity', 'OnlineBackup', 'DeviceProtection', 'TechSupport',
       'StreamingTV', 'StreamingMovies', 'Contract', 'PaperlessBilling',
       'PaymentMethod', 'MonthlyCharges', 'TotalCharges', 'Churn'],
      dtype='str')
2026-07-31 11:29:51,500 - INFO - Columns after standardizing : Index(['customer_i_d', 'gender', 'senior_citizen', 'partner', 'dependents',
       'tenure', 'phone_service', 'multiple_lines', 'internet_service',
       'online_security', 'online_backup', 'device_protection', 'tech_support',
       'streaming_t_v', 'streaming_movies', 'contract', 'paperless_billing',
       'payment_method', 'monthly_charges', 'total_charges', 'churn'],
      dtype='str')
2026-07-31 11:29:51,501 - INFO - 

2026-07-31 11:29:51,501 - INFO - Executing fix_total_charges...
2026-07-31 11:29:51,502 - INFO - Blank count before fixing: 11
2026-07-31 11:29:51,505 - INFO - Blank count after fixing: 11
2026-07-31 11:29:51,506 - INFO - total_charges converted to numeric
2026-07-31 11:29:51,506 - INFO - 

2026-07-31 11:29:51,506 - INFO - Execitng Normalizing function ......
2026-07-31 11:29:51,507 - INFO -   partner dependents phone_service paperless_billing churn
0     Yes         No            No               Yes    No
1      No         No           Yes                No    No
2      No         No           Yes               Yes   Yes
3      No         No            No                No    No
4      No         No           Yes               Yes   Yes
2026-07-31 11:29:51,519 - INFO -  after normalizing the vaues :    partner  dependents  phone_service  paperless_billing  churn
0        1           0              0                  1      0
1        0           0              1                  0      0
2        0           0              1                  1      1
3        0           0              0                  0      0
4        0           0              1                  1      1
2026-07-31 11:29:51,519 - INFO - 

2026-07-31 11:29:51,519 - INFO - Executting handel null values .........
2026-07-31 11:29:51,519 - INFO -  null values after handling in total charges: 0
2026-07-31 11:30:05,625 - INFO - Customer Cleaner class created ...... 
2026-07-31 11:30:05,626 - INFO - Total number of Rows 7043 
2026-07-31 11:30:05,627 - INFO - Total number of Columns : 21
2026-07-31 11:30:05,627 - INFO - 

2026-07-31 11:30:05,628 - INFO - Executing the standard column names....
2026-07-31 11:30:05,628 - INFO - Columns before standardizing : Index(['customerID', 'gender', 'SeniorCitizen', 'Partner', 'Dependents',
       'tenure', 'PhoneService', 'MultipleLines', 'InternetService',
       'OnlineSecurity', 'OnlineBackup', 'DeviceProtection', 'TechSupport',
       'StreamingTV', 'StreamingMovies', 'Contract', 'PaperlessBilling',
       'PaymentMethod', 'MonthlyCharges', 'TotalCharges', 'Churn'],
      dtype='str')
2026-07-31 11:30:05,630 - INFO - Columns after standardizing : Index(['customer_i_d', 'gender', 'senior_citizen', 'partner', 'dependents',
       'tenure', 'phone_service', 'multiple_lines', 'internet_service',
       'online_security', 'online_backup', 'device_protection', 'tech_support',
       'streaming_t_v', 'streaming_movies', 'contract', 'paperless_billing',
       'payment_method', 'monthly_charges', 'total_charges', 'churn'],
      dtype='str')
2026-07-31 11:30:05,630 - INFO - 

2026-07-31 11:30:05,630 - INFO - Executing fix_total_charges...
2026-07-31 11:30:05,632 - INFO - Blank count before fixing: 11
2026-07-31 11:30:05,636 - INFO - Blank count after fixing: 11
2026-07-31 11:30:05,639 - INFO - total_charges converted to numeric
2026-07-31 11:30:05,639 - INFO - 

2026-07-31 11:30:05,640 - INFO - Execitng Normalizing function ......
2026-07-31 11:30:05,641 - INFO -   partner dependents phone_service paperless_billing churn
0     Yes         No            No               Yes    No
1      No         No           Yes                No    No
2      No         No           Yes               Yes   Yes
3      No         No            No                No    No
4      No         No           Yes               Yes   Yes
2026-07-31 11:30:05,652 - INFO -  after normalizing the vaues :    partner  dependents  phone_service  paperless_billing  churn
0        1           0              0                  1      0
1        0           0              1                  0      0
2        0           0              1                  1      1
3        0           0              0                  0      0
4        0           0              1                  1      1
2026-07-31 11:30:05,653 - INFO - 

2026-07-31 11:30:05,653 - INFO - Executting handel null values .........
2026-07-31 11:30:05,653 - INFO -  null values after handling in total charges: 0
2026-07-31 11:39:08,950 - INFO - Customer Cleaner class created ...... 
2026-07-31 11:39:08,951 - INFO - Total number of Rows 7043 
2026-07-31 11:39:08,952 - INFO - Total number of Columns : 21
2026-07-31 11:39:08,953 - INFO - 

2026-07-31 11:39:08,953 - INFO - Executing the standard column names....
2026-07-31 11:39:08,953 - INFO - Columns before standardizing : Index(['customerID', 'gender', 'SeniorCitizen', 'Partner', 'Dependents',
       'tenure', 'PhoneService', 'MultipleLines', 'InternetService',
       'OnlineSecurity', 'OnlineBackup', 'DeviceProtection', 'TechSupport',
       'StreamingTV', 'StreamingMovies', 'Contract', 'PaperlessBilling',
       'PaymentMethod', 'MonthlyCharges', 'TotalCharges', 'Churn'],
      dtype='str')
2026-07-31 11:39:08,955 - INFO - Columns after standardizing : Index(['customer_i_d', 'gender', 'senior_citizen', 'partner', 'dependents',
       'tenure', 'phone_service', 'multiple_lines', 'internet_service',
       'online_security', 'online_backup', 'device_protection', 'tech_support',
       'streaming_t_v', 'streaming_movies', 'contract', 'paperless_billing',
       'payment_method', 'monthly_charges', 'total_charges', 'churn'],
      dtype='str')
2026-07-31 11:39:08,955 - INFO - 

2026-07-31 11:39:08,956 - INFO - Executing fix_total_charges...
2026-07-31 11:39:08,958 - INFO - Blank count before fixing: 11
2026-07-31 11:39:08,966 - INFO - Blank count after fixing: 11
2026-07-31 11:39:08,970 - INFO - total_charges converted to numeric
2026-07-31 11:39:08,970 - INFO - 

2026-07-31 11:39:08,970 - INFO - Execitng Normalizing function ......
2026-07-31 11:39:08,972 - INFO -   partner dependents  ... paperless_billing churn
0     Yes         No  ...               Yes    No
1      No         No  ...                No    No
2      No         No  ...               Yes   Yes
3      No         No  ...                No    No
4      No         No  ...               Yes   Yes

[5 rows x 5 columns]
2026-07-31 11:39:08,989 - INFO -  after normalizing the vaues :    partner  dependents  ...  paperless_billing  churn
0        1           0  ...                  1      0
1        0           0  ...                  0      0
2        0           0  ...                  1      1
3        0           0  ...                  0      0
4        0           0  ...                  1      1

[5 rows x 5 columns]
2026-07-31 11:39:08,989 - INFO - 

2026-07-31 11:39:08,989 - INFO - Executting handel null values .........
2026-07-31 11:39:08,990 - INFO -  null values after handling in total charges: 0
2026-07-31 11:52:14,271 - INFO - Customer Cleaner class created ...... 
2026-07-31 11:52:14,272 - INFO - Total number of Rows 7043 
2026-07-31 11:52:14,273 - INFO - Total number of Columns : 21
2026-07-31 11:52:14,273 - INFO - 

2026-07-31 11:52:14,274 - INFO - Executing the standard column names....
2026-07-31 11:52:14,274 - INFO - Columns before standardizing : Index(['customerID', 'gender', 'SeniorCitizen', 'Partner', 'Dependents',
       'tenure', 'PhoneService', 'MultipleLines', 'InternetService',
       'OnlineSecurity', 'OnlineBackup', 'DeviceProtection', 'TechSupport',
       'StreamingTV', 'StreamingMovies', 'Contract', 'PaperlessBilling',
       'PaymentMethod', 'MonthlyCharges', 'TotalCharges', 'Churn'],
      dtype='str')
2026-07-31 11:52:14,276 - INFO - Columns after standardizing : Index(['customer_i_d', 'gender', 'senior_citizen', 'partner', 'dependents',
       'tenure', 'phone_service', 'multiple_lines', 'internet_service',
       'online_security', 'online_backup', 'device_protection', 'tech_support',
       'streaming_t_v', 'streaming_movies', 'contract', 'paperless_billing',
       'payment_method', 'monthly_charges', 'total_charges', 'churn'],
      dtype='str')
2026-07-31 11:52:14,277 - INFO - 

2026-07-31 11:52:14,277 - INFO - Executing fix_total_charges...
2026-07-31 11:52:14,279 - INFO - Blank count before fixing: 11
2026-07-31 11:52:14,283 - INFO - Blank count after fixing: 11
2026-07-31 11:52:14,284 - INFO - total_charges converted to numeric
2026-07-31 11:52:14,285 - INFO - 

2026-07-31 11:52:14,285 - INFO - Execitng Normalizing function ......
2026-07-31 11:52:14,286 - INFO -   partner dependents phone_service paperless_billing churn
0     Yes         No            No               Yes    No
1      No         No           Yes                No    No
2      No         No           Yes               Yes   Yes
3      No         No            No                No    No
4      No         No           Yes               Yes   Yes
2026-07-31 11:52:14,305 - INFO -  after normalizing the vaues :    partner  dependents  phone_service  paperless_billing  churn
0        1           0              0                  1      0
1        0           0              1                  0      0
2        0           0              1                  1      1
3        0           0              0                  0      0
4        0           0              1                  1      1
2026-07-31 11:52:14,305 - INFO - 

2026-07-31 11:52:14,305 - INFO - Executting handel null values .........
2026-07-31 11:52:14,305 - INFO -  null values after handling in total charges: 0
2026-07-31 11:52:29,896 - INFO - Customer Cleaner class created ...... 
2026-07-31 11:52:29,897 - INFO - Total number of Rows 7043 
2026-07-31 11:52:29,898 - INFO - Total number of Columns : 21
2026-07-31 11:52:29,898 - INFO - 

2026-07-31 11:52:29,898 - INFO - Executing the standard column names....
2026-07-31 11:52:29,899 - INFO - Columns before standardizing : Index(['customerID', 'gender', 'SeniorCitizen', 'Partner', 'Dependents',
       'tenure', 'PhoneService', 'MultipleLines', 'InternetService',
       'OnlineSecurity', 'OnlineBackup', 'DeviceProtection', 'TechSupport',
       'StreamingTV', 'StreamingMovies', 'Contract', 'PaperlessBilling',
       'PaymentMethod', 'MonthlyCharges', 'TotalCharges', 'Churn'],
      dtype='str')
2026-07-31 11:52:29,901 - INFO - Columns after standardizing : Index(['customer_i_d', 'gender', 'senior_citizen', 'partner', 'dependents',
       'tenure', 'phone_service', 'multiple_lines', 'internet_service',
       'online_security', 'online_backup', 'device_protection', 'tech_support',
       'streaming_t_v', 'streaming_movies', 'contract', 'paperless_billing',
       'payment_method', 'monthly_charges', 'total_charges', 'churn'],
      dtype='str')
2026-07-31 11:52:29,901 - INFO - 

2026-07-31 11:52:29,902 - INFO - Executing fix_total_charges...
2026-07-31 11:52:29,904 - INFO - Blank count before fixing: 11
2026-07-31 11:52:29,908 - INFO - Blank count after fixing: 11
2026-07-31 11:52:29,910 - INFO - total_charges converted to numeric
2026-07-31 11:52:29,911 - INFO - 

2026-07-31 11:52:29,911 - INFO - Execitng Normalizing function ......
2026-07-31 11:52:29,912 - INFO -   partner dependents phone_service paperless_billing churn
0     Yes         No            No               Yes    No
1      No         No           Yes                No    No
2      No         No           Yes               Yes   Yes
3      No         No            No                No    No
4      No         No           Yes               Yes   Yes
2026-07-31 11:52:29,925 - INFO -  after normalizing the vaues :    partner  dependents  phone_service  paperless_billing  churn
0        1           0              0                  1      0
1        0           0              1                  0      0
2        0           0              1                  1      1
3        0           0              0                  0      0
4        0           0              1                  1      1
2026-07-31 11:52:29,926 - INFO - 

2026-07-31 11:52:29,926 - INFO - Executting handel null values .........
2026-07-31 11:52:29,927 - INFO -  null values after handling in total charges: 0
2026-07-31 11:52:37,917 - INFO - Customer Cleaner class created ...... 
2026-07-31 11:52:37,918 - INFO - Total number of Rows 7043 
2026-07-31 11:52:37,919 - INFO - Total number of Columns : 21
2026-07-31 11:52:37,919 - INFO - 

2026-07-31 11:52:37,920 - INFO - Executing the standard column names....
2026-07-31 11:52:37,920 - INFO - Columns before standardizing : Index(['customerID', 'gender', 'SeniorCitizen', 'Partner', 'Dependents',
       'tenure', 'PhoneService', 'MultipleLines', 'InternetService',
       'OnlineSecurity', 'OnlineBackup', 'DeviceProtection', 'TechSupport',
       'StreamingTV', 'StreamingMovies', 'Contract', 'PaperlessBilling',
       'PaymentMethod', 'MonthlyCharges', 'TotalCharges', 'Churn'],
      dtype='str')
2026-07-31 11:52:37,923 - INFO - Columns after standardizing : Index(['customer_i_d', 'gender', 'senior_citizen', 'partner', 'dependents',
       'tenure', 'phone_service', 'multiple_lines', 'internet_service',
       'online_security', 'online_backup', 'device_protection', 'tech_support',
       'streaming_t_v', 'streaming_movies', 'contract', 'paperless_billing',
       'payment_method', 'monthly_charges', 'total_charges', 'churn'],
      dtype='str')
2026-07-31 11:52:37,924 - INFO - 

2026-07-31 11:52:37,924 - INFO - Executing fix_total_charges...
2026-07-31 11:52:37,926 - INFO - Blank count before fixing: 11
2026-07-31 11:52:37,932 - INFO - Blank count after fixing: 11
2026-07-31 11:52:37,935 - INFO - total_charges converted to numeric
2026-07-31 11:52:37,935 - INFO - 

2026-07-31 11:52:37,935 - INFO - Execitng Normalizing function ......
2026-07-31 11:52:37,936 - INFO -   partner dependents phone_service paperless_billing churn
0     Yes         No            No               Yes    No
1      No         No           Yes                No    No
2      No         No           Yes               Yes   Yes
3      No         No            No                No    No
4      No         No           Yes               Yes   Yes
2026-07-31 11:52:37,948 - INFO -  after normalizing the vaues :    partner  dependents  phone_service  paperless_billing  churn
0        1           0              0                  1      0
1        0           0              1                  0      0
2        0           0              1                  1      1
3        0           0              0                  0      0
4        0           0              1                  1      1
2026-07-31 11:52:37,948 - INFO - 

2026-07-31 11:52:37,948 - INFO - Executting handel null values .........
2026-07-31 11:52:37,949 - INFO -  null values after handling in total charges: 0
2026-07-31 15:26:22,598 - INFO - ============================================================
2026-07-31 15:26:22,600 - INFO - Customer Churn ETL Pipeline Started
2026-07-31 15:26:22,601 - INFO - Starting data loading...
2026-07-31 15:26:22,628 - INFO - Data loaded successfully. Rows: 7043, Columns: 21
2026-07-31 15:26:22,629 - INFO - Starting data cleaning...
2026-07-31 15:26:22,629 - INFO - Customer Cleaner class created ...... 
2026-07-31 15:26:22,630 - INFO - Total number of Rows 7043 
2026-07-31 15:26:22,630 - INFO - Total number of Columns : 21
2026-07-31 15:26:22,631 - INFO - 

2026-07-31 15:26:22,631 - INFO - Executing the standard column names....
2026-07-31 15:26:22,632 - INFO - Columns before standardizing : Index(['customerID', 'gender', 'SeniorCitizen', 'Partner', 'Dependents',
       'tenure', 'PhoneService', 'MultipleLines', 'InternetService',
       'OnlineSecurity', 'OnlineBackup', 'DeviceProtection', 'TechSupport',
       'StreamingTV', 'StreamingMovies', 'Contract', 'PaperlessBilling',
       'PaymentMethod', 'MonthlyCharges', 'TotalCharges', 'Churn'],
      dtype='str')
2026-07-31 15:26:22,634 - INFO - Columns after standardizing : Index(['customer_i_d', 'gender', 'senior_citizen', 'partner', 'dependents',
       'tenure', 'phone_service', 'multiple_lines', 'internet_service',
       'online_security', 'online_backup', 'device_protection', 'tech_support',
       'streaming_t_v', 'streaming_movies', 'contract', 'paperless_billing',
       'payment_method', 'monthly_charges', 'total_charges', 'churn'],
      dtype='str')
2026-07-31 15:26:22,635 - INFO - 

2026-07-31 15:26:22,636 - INFO - Executing fix_total_charges...
2026-07-31 15:26:22,639 - INFO - Blank count before fixing: 11
2026-07-31 15:26:22,648 - INFO - Blank count after fixing: 11
2026-07-31 15:26:22,653 - INFO - total_charges converted to numeric
2026-07-31 15:26:22,655 - INFO - 

2026-07-31 15:26:22,655 - INFO - Execitng Normalizing function ......
2026-07-31 15:26:22,656 - INFO -   partner dependents phone_service paperless_billing churn
0     Yes         No            No               Yes    No
1      No         No           Yes                No    No
2      No         No           Yes               Yes   Yes
3      No         No            No                No    No
4      No         No           Yes               Yes   Yes
2026-07-31 15:26:22,675 - INFO -  after normalizing the vaues :    partner  dependents  phone_service  paperless_billing  churn
0        1           0              0                  1      0
1        0           0              1                  0      0
2        0           0              1                  1      1
3        0           0              0                  0      0
4        0           0              1                  1      1
2026-07-31 15:26:22,676 - INFO - 

2026-07-31 15:26:22,676 - INFO - Executting handel null values .........
2026-07-31 15:26:22,676 - INFO -  null values after handling in total charges: 0
2026-07-31 15:26:22,676 - INFO - Data cleaning completed successfully. Rows after cleaning: 7043
2026-07-31 15:26:22,676 - INFO - Cleaning step completed.
2026-07-31 15:26:22,676 - INFO - Starting feature engineering...
2026-07-31 15:26:23,645 - INFO - Feature engineering completed successfully. Rows processed: 7043
2026-07-31 15:26:23,646 - INFO - Feature engineering step completed.
2026-07-31 15:26:23,646 - INFO - Saving output files...
2026-07-31 15:26:23,709 - INFO - Clean data saved to: outputs\clean_data_20260731_152623.csv
2026-07-31 15:26:23,709 - INFO - Feature data saved to: outputs\feature_data_20260731_152623.csv
2026-07-31 15:26:23,709 - INFO - Output saving step completed.
2026-07-31 15:26:23,709 - INFO - ============================================================
2026-07-31 15:26:23,709 - INFO - Pipeline completed successfully.
2026-07-31 15:26:23,709 - INFO - Total execution time: 1.11 seconds
2026-07-31 15:26:23,709 - INFO - Rows processed: 7043
2026-07-31 15:26:23,709 - INFO - Clean data file: outputs\clean_data_20260731_152623.csv
2026-07-31 15:26:23,709 - INFO - Feature data file: outputs\feature_data_20260731_152623.csv
2026-07-31 15:26:23,709 - INFO - ============================================================
